
Note: No compatibility mode selected!


Circuit: * complete 30 ghz radar frontend verification - tapeout ready

Doing analysis at TEMP = 27.000000 and TNOM = 27.000000

Using SPARSE 1.3 as Direct Linear Solver

Initial Transient Solution
--------------------------

Node                                   Voltage
----                                   -------
vdd_1p2                                   1.32
vdd_2p5                                   2.75
vss                                          0
clk                                          0
vref_p                                       1
vref_n                                       0
x_vco.c1                                  1.32
x_vco.c2                                  1.32
x_vco.emit                            0.494019
x_vco.x1.s1                        4.60546e-10
x_vco.x1.t                             4.08134
x_vco.x2.s1                        4.60546e-10
x_vco.x2.t                             4.08134
vco_out_p                              1.82917
vco_out_n                              1.82917
x_buf.emit                             1.00692
x_buf.x1.s1                        9.62734e-10
x_buf.x1.t                             8.67528
buf_out                                1.00692
x_buf_dummy.emit                       1.00692
x_buf_dummy.x1.s1                  9.62734e-10
x_buf_dummy.x1.t                       8.67528
buf_out_dummy                          1.00692
x_predrv.base_in                      0.933655
x_predrv.coll                             2.75
x_predrv.emit                        0.0365712
x_predrv.x1.s1                      0.00108764
x_predrv.x1.t                            245.2
predrv_out                            0.975195
x_pa.in_int                           0.975195
x_pa.coll                                 2.75
x_pa.emit_pa                         0.0740935
x_pa.x1.s1                          0.00105309
x_pa.x1.t                              244.551
pa_out                                       0
pa_leakage                                   0
target_node                                  0
rx_sum_node                                  0
e_rx_sum_int1                                0
rx_in                                        0
x_lna.match_node                             0
x_lna.base_in                         0.949154
x_lna.coll                            0.308564
x_lna.emit                         -1.6263e-18
x_lna.x1.s1                        3.99893e-06
x_lna.x1.t                             10.2595
x_lna.out_int                             1.32
x_lna.cb_bias                          1.22041
x_lna.x2.s1                        9.47765e-10
x_lna.x2.t                             33.2445
lna_out                                      0
mix_bias                                  0.66
x_balun.pri_int                              0
mix_rf_p                                  0.66
mix_rf_n                                  0.66
x_mix.c1                               1.02511
x_mix.b_e1                            0.977297
x_mix.e_tail                          0.151518
x_mix.x1.s1                        7.12416e-10
x_mix.x1.t                             4.31643
x_mix.c2                               1.02511
x_mix.b_e2                            0.977297
x_mix.x2.s1                        7.12416e-10
x_mix.x2.t                             4.31643
x_mix.c3                               2.15088
x_mix.b_lo_p                           1.82861
x_mix.x3.s1                        1.50383e-09
x_mix.x3.t                             2.77866
x_mix.c4                               2.15088
x_mix.x4.s1                        1.50383e-09
x_mix.x4.t                             2.77866
x_mix.b_lo_n                           1.82861
x_mix.x5.s1                        1.50383e-09
x_mix.x5.t                             2.77866
x_mix.x6.s1                        1.50383e-09
x_mix.x6.t                             2.77866
if_p                                   2.15088
if_n                                   2.15088
x_if_amp.b1                            1.08393
x_if_amp.c1                            1.48526
x_if_amp.e1                            0.24342
x_if_amp.x1.s1                     5.18416e-10
x_if_amp.x1.t                          9.95517
x_if_amp.b2                            1.08393
x_if_amp.c2                            1.48526
x_if_amp.e2                            0.24342
x_if_amp.x2.s1                     5.18416e-10
x_if_amp.x2.t                          9.95517
if_amp_out                          0.00367943
x_adc.hold_node                      0.0404738
x_adc.dac_out                        0.0405584
x_adc.x_dac.n0                             0.5
adc_0                                        0
x_adc.x_dac.n1                             0.5
adc_1                                        0
x_adc.x_dac.n2                             0.5
adc_2                                        0
x_adc.x_dac.n3                             0.5
adc_3                                        0
x_adc.x_dac.n4                             0.5
adc_4                                        0
x_adc.x_dac.n5                             0.5
adc_5                                        0
x_adc.x_dac.n6                             0.5
adc_6                                        0
x_adc.x_dac.n7                             0.5
adc_7                                        0
x_adc.x_comp.c1                       0.820732
x_adc.x_comp.emit                    -0.742849
x_adc.x_comp.x1.s1                 2.88098e-10
x_adc.x_comp.x1.t                      1.92856
x_adc.x_comp.c2                       0.819211
x_adc.x_comp.x2.s1                 2.87563e-10
x_adc.x_comp.x2.t                      1.93256
x_adc.comp_out_p                     0.0844216
x_adc.x_comp.x3.s1                 9.25134e-10
x_adc.x_comp.x3.t                     0.257642
x_adc.comp_out_n                      0.083264
x_adc.x_comp.x4.s1                 9.25138e-10
x_adc.x_comp.x4.t                     0.254347
x_adc.out_analog                             0
x_adc.e_quantize_int1                        0
x_adc.e_bit7_int1                            0
x_adc.e_bit6_int1                            0
x_adc.e_bit5_int1                            0
x_adc.e_bit4_int1                            0
b.x_adc.be_bit4#branch                       0
b.x_adc.be_bit5#branch                       0
b.x_adc.be_bit6#branch                       0
b.x_adc.be_bit7#branch                       0
b.x_adc.be_quantize#branch                   0
be_rx_sum#branch                             0
l.x_balun.l_sec2#branch                      0
l.x_balun.l_sec1#branch                      0
l.x_balun.l_pri#branch                       0
l.x_lna.l_load#branch               0.00664296
l.x_lna.l_deg#branch                0.00667764
l.x_lna.l_series#branch                      0
l.x_pa.l_load#branch                  0.147844
l.x_pa.l_match#branch              1.11022e-16
l.x_predrv.l_load#branch             0.0731537
l.x_vco.l2#branch                        0.002
l.x_vco.l1#branch                        0.002
e.x_adc.e_bit4#branch                        0
e.x_adc.e_bit5#branch                        0
e.x_adc.e_bit6#branch                        0
e.x_adc.e_bit7#branch                        0
e.x_adc.e_quantize#branch                    0
e_rx_sum#branch                              0
e_channel#branch                             0
v.x_adc.v_bit0#branch                        0
v.x_adc.v_bit1#branch                        0
v.x_adc.v_bit2#branch                        0
v.x_adc.v_bit3#branch                        0
v.x_mix.v_if_n#branch              0.000998538
v.x_mix.v_if_p#branch              0.000998538
v_target#branch                              0
v_ref_n#branch                           4e-07
v_ref_p#branch                          -4e-07
v_clk#branch                                 0
vss#branch                            0.246662
vdd_2p5#branch                       -0.234835
vdd_1p2#branch                      -0.0118275

 Reference value :  4.45000e-11 Reference value :  4.75958e-10 Reference value :  8.87922e-10 Reference value :  1.40845e-09
No. of Data Rows : 1624
vco_vpp             =  0.00000e+00 from=  1.00000e-08 to=  2.50000e-08
buf_vpp             =  0.00000e+00 from=  1.00000e-08 to=  2.50000e-08
predrv_vpp          =  0.00000e+00 from=  1.00000e-08 to=  2.50000e-08
pa_vpp              =  0.00000e+00 from=  1.00000e-08 to=  2.50000e-08
lna_vpp             =  0.00000e+00 from=  1.00000e-08 to=  2.50000e-08
if_mix_vpp          =  0.00000e+00 from=  1.00000e-08 to=  2.50000e-08
if_amp_ripple_vpp   =  0.00000e+00 from=  1.00000e-08 to=  2.50000e-08
         * complete 30 ghz radar frontend verification - tapeout ready
         Transient Analysis  Thu Sep  3 19:53:20  2026
--------------------------------------------------------------------------------
Index   time            p_total         
--------------------------------------------------------------------------------
0	0.000000e+00	6.012802e-01	
1	1.000000e-14	6.012824e-01	
2	2.000000e-14	6.012847e-01	
3	4.000000e-14	6.012892e-01	
4	8.000000e-14	6.012981e-01	
5	1.600000e-13	6.013157e-01	
6	3.200000e-13	6.013509e-01	
7	6.400000e-13	6.014229e-01	
8	1.280000e-12	6.015774e-01	
9	2.280000e-12	6.018526e-01	
10	3.280000e-12	6.021744e-01	
11	4.280000e-12	6.025521e-01	
12	5.280000e-12	6.029997e-01	
13	6.280000e-12	6.035334e-01	
14	7.280000e-12	6.041673e-01	
15	8.280000e-12	6.049082e-01	
16	9.140000e-12	6.056269e-01	
17	1.000000e-11	6.064058e-01	
18	1.010000e-11	6.064781e-01	
19	1.030000e-11	6.066239e-01	
20	1.070000e-11	6.069162e-01	
21	1.150000e-11	6.074761e-01	
22	1.250000e-11	6.080691e-01	
23	1.350000e-11	6.084609e-01	
24	1.450000e-11	6.085559e-01	
25	1.550000e-11	6.082535e-01	
26	1.650000e-11	6.074596e-01	
27	1.750000e-11	6.060994e-01	
28	1.850000e-11	6.041311e-01	
29	1.950000e-11	6.015562e-01	
30	2.050000e-11	5.984248e-01	
31	2.150000e-11	5.948348e-01	
32	2.250000e-11	5.909309e-01	
33	2.350000e-11	5.869139e-01	
34	2.450000e-11	5.830601e-01	
35	2.550000e-11	5.796938e-01	
36	2.650000e-11	5.771200e-01	
37	2.750000e-11	5.756000e-01	
38	2.850000e-11	5.753696e-01	
39	2.950000e-11	5.766637e-01	
40	3.050000e-11	5.796829e-01	
41	3.150000e-11	5.845960e-01	
42	3.250000e-11	5.915138e-01	
43	3.350000e-11	6.004740e-01	
44	3.450000e-11	6.114201e-01	
45	3.550000e-11	6.241799e-01	
46	3.650000e-11	6.384668e-01	
47	3.750000e-11	6.539077e-01	
48	3.850000e-11	6.701311e-01	
49	3.950000e-11	6.868664e-01	
50	4.050000e-11	7.038103e-01	
51	4.150000e-11	7.204851e-01	
52	4.250000e-11	7.362232e-01	
53	4.350000e-11	7.502866e-01	
54	4.450000e-11	7.619407e-01	

Index   time            p_total         
--------------------------------------------------------------------------------
55	4.550000e-11	7.704398e-01	
56	4.650000e-11	7.750433e-01	
57	4.750000e-11	7.751940e-01	
58	4.850000e-11	7.707582e-01	
59	4.950000e-11	7.620997e-01	
60	5.050000e-11	7.480964e-01	
61	5.150000e-11	7.330843e-01	
62	5.250000e-11	7.164041e-01	
63	5.350000e-11	6.987221e-01	
64	5.450000e-11	6.806780e-01	
65	5.550000e-11	6.626411e-01	
66	5.650000e-11	6.449609e-01	
67	5.750000e-11	6.281919e-01	
68	5.850000e-11	6.130154e-01	
69	5.925000e-11	6.030635e-01	
70	6.000000e-11	5.946839e-01	
71	6.010000e-11	5.936834e-01	
72	6.030000e-11	5.917671e-01	
73	6.070000e-11	5.883549e-01	
74	6.150000e-11	5.834012e-01	
75	6.250000e-11	5.810598e-01	
76	6.350000e-11	5.833799e-01	
77	6.450000e-11	5.906729e-01	
78	6.550000e-11	6.030234e-01	
79	6.633467e-11	6.167892e-01	
80	6.722160e-11	6.341441e-01	
81	6.822160e-11	6.561661e-01	
82	6.911080e-11	6.774983e-01	
83	7.000000e-11	7.002583e-01	
84	7.010000e-11	7.029326e-01	
85	7.030000e-11	7.083099e-01	
86	7.070000e-11	7.191540e-01	
87	7.150000e-11	7.411074e-01	
88	7.250000e-11	7.690847e-01	
89	7.350000e-11	7.977265e-01	
90	7.450000e-11	8.267605e-01	
91	7.550000e-11	8.556246e-01	
92	7.650000e-11	8.838459e-01	
93	7.750000e-11	9.111814e-01	
94	7.850000e-11	9.373643e-01	
95	7.950000e-11	9.620810e-01	
96	8.050000e-11	9.847073e-01	
97	8.150000e-11	1.004415e+00	
98	8.250000e-11	1.020130e+00	
99	8.350000e-11	1.030284e+00	
100	8.409967e-11	1.032761e+00	
101	8.471378e-11	1.031564e+00	
102	8.538232e-11	1.025237e+00	
103	8.607909e-11	1.013159e+00	
104	8.690436e-11	9.930354e-01	
105	8.790436e-11	9.634283e-01	
106	8.890436e-11	9.304237e-01	
107	8.990436e-11	8.962305e-01	
108	9.090436e-11	8.630284e-01	
109	9.190436e-11	8.323001e-01	
110	9.290436e-11	8.049086e-01	
111	9.390436e-11	7.813802e-01	
112	9.490436e-11	7.620699e-01	

Index   time            p_total         
--------------------------------------------------------------------------------
113	9.590436e-11	7.472437e-01	
114	9.690436e-11	7.371129e-01	
115	9.790436e-11	7.318551e-01	
116	9.890436e-11	7.315961e-01	
117	9.945218e-11	7.335890e-01	
118	1.000000e-10	7.370731e-01	
119	1.001000e-10	7.378928e-01	
120	1.003000e-10	7.396409e-01	
121	1.007000e-10	7.436121e-01	
122	1.015000e-10	7.532183e-01	
123	1.023680e-10	7.656401e-01	
124	1.031132e-10	7.775760e-01	
125	1.040436e-10	7.936019e-01	
126	1.047456e-10	8.066113e-01	
127	1.055084e-10	8.224407e-01	
128	1.065084e-10	8.453530e-01	
129	1.074768e-10	8.688260e-01	
130	1.084768e-10	8.939433e-01	
131	1.094768e-10	9.192899e-01	
132	1.104768e-10	9.442698e-01	
133	1.114768e-10	9.686990e-01	
134	1.124768e-10	9.924956e-01	
135	1.134768e-10	1.015207e+00	
136	1.144768e-10	1.036123e+00	
137	1.154768e-10	1.054537e+00	
138	1.164768e-10	1.069769e+00	
139	1.174768e-10	1.080987e+00	
140	1.184768e-10	1.086900e+00	
141	1.190820e-10	1.087055e+00	
142	1.196890e-10	1.083844e+00	
143	1.202169e-10	1.077955e+00	
144	1.208617e-10	1.066671e+00	
145	1.216376e-10	1.047645e+00	
146	1.222010e-10	1.030692e+00	
147	1.228375e-10	1.009648e+00	
148	1.236248e-10	9.824876e-01	
149	1.243461e-10	9.572774e-01	
150	1.253461e-10	9.231399e-01	
151	1.263461e-10	8.913684e-01	
152	1.273461e-10	8.629921e-01	
153	1.283461e-10	8.384344e-01	
154	1.293461e-10	8.178682e-01	
155	1.303461e-10	8.014776e-01	
156	1.313461e-10	7.895704e-01	
157	1.323461e-10	7.825003e-01	
158	1.333461e-10	7.805440e-01	
159	1.343461e-10	7.836847e-01	
160	1.351865e-10	7.897931e-01	
161	1.360713e-10	7.989336e-01	
162	1.370713e-10	8.116551e-01	
163	1.380713e-10	8.259623e-01	
164	1.390713e-10	8.410449e-01	
165	1.400713e-10	8.563213e-01	
166	1.408861e-10	8.687143e-01	
167	1.414912e-10	8.779993e-01	
168	1.421398e-10	8.883058e-01	
169	1.427497e-10	8.988008e-01	
170	1.435651e-10	9.138488e-01	

Index   time            p_total         
--------------------------------------------------------------------------------
171	1.444442e-10	9.308001e-01	
172	1.454442e-10	9.508741e-01	
173	1.464442e-10	9.711595e-01	
174	1.473626e-10	9.893177e-01	
175	1.483626e-10	1.008318e+00	
176	1.493626e-10	1.026658e+00	
177	1.503626e-10	1.044372e+00	
178	1.513626e-10	1.061062e+00	
179	1.523626e-10	1.076016e+00	
180	1.533626e-10	1.088454e+00	
181	1.543626e-10	1.097509e+00	
182	1.553626e-10	1.101913e+00	
183	1.560775e-10	1.101205e+00	
184	1.566532e-10	1.097445e+00	
185	1.571174e-10	1.091977e+00	
186	1.576297e-10	1.083205e+00	
187	1.585313e-10	1.061167e+00	
188	1.595313e-10	1.029136e+00	
189	1.602130e-10	1.004144e+00	
190	1.608123e-10	9.810422e-01	
191	1.613563e-10	9.600935e-01	
192	1.619315e-10	9.386530e-01	
193	1.627133e-10	9.110530e-01	
194	1.635611e-10	8.831928e-01	
195	1.645611e-10	8.534922e-01	
196	1.654560e-10	8.299795e-01	
197	1.664081e-10	8.080767e-01	
198	1.674081e-10	7.884732e-01	
199	1.684081e-10	7.725125e-01	
200	1.694081e-10	7.605724e-01	
201	1.704081e-10	7.530927e-01	
202	1.714081e-10	7.504327e-01	
203	1.724081e-10	7.527442e-01	
204	1.732727e-10	7.584091e-01	
205	1.741836e-10	7.674041e-01	
206	1.751836e-10	7.799868e-01	
207	1.761836e-10	7.945275e-01	
208	1.771836e-10	8.102212e-01	
209	1.781836e-10	8.264227e-01	
210	1.791836e-10	8.426759e-01	
211	1.797778e-10	8.523017e-01	
212	1.805309e-10	8.644014e-01	
213	1.810666e-10	8.731586e-01	
214	1.817440e-10	8.851927e-01	
215	1.827440e-10	9.049153e-01	
216	1.837212e-10	9.254160e-01	
217	1.847212e-10	9.466460e-01	
218	1.856984e-10	9.668129e-01	
219	1.866984e-10	9.865689e-01	
220	1.876984e-10	1.005640e+00	
221	1.886984e-10	1.024210e+00	
222	1.896984e-10	1.042004e+00	
223	1.906984e-10	1.058253e+00	
224	1.916984e-10	1.071998e+00	
225	1.926984e-10	1.082075e+00	
226	1.936984e-10	1.086777e+00	
227	1.942867e-10	1.086032e+00	
228	1.948557e-10	1.082114e+00	

Index   time            p_total         
--------------------------------------------------------------------------------
229	1.954514e-10	1.074203e+00	
230	1.962654e-10	1.057129e+00	
231	1.972654e-10	1.028188e+00	
232	1.982654e-10	9.936827e-01	
233	1.989341e-10	9.689333e-01	
234	1.995589e-10	9.455908e-01	
235	2.000956e-10	9.262224e-01	
236	2.006710e-10	9.065745e-01	
237	2.014279e-10	8.823363e-01	
238	2.022648e-10	8.574435e-01	
239	2.032648e-10	8.305530e-01	
240	2.041398e-10	8.097381e-01	
241	2.051398e-10	7.891040e-01	
242	2.061398e-10	7.719835e-01	
243	2.071398e-10	7.587760e-01	
244	2.081398e-10	7.501105e-01	
245	2.091398e-10	7.466462e-01	
246	2.101398e-10	7.488727e-01	
247	2.109320e-10	7.545659e-01	
248	2.118252e-10	7.645118e-01	
249	2.128252e-10	7.790011e-01	
250	2.138252e-10	7.958352e-01	
251	2.148252e-10	8.139097e-01	
252	2.158252e-10	8.323743e-01	
253	2.168252e-10	8.506519e-01	
254	2.178252e-10	8.683961e-01	
255	2.184360e-10	8.789567e-01	
256	2.192444e-10	8.927879e-01	
257	2.197766e-10	9.022553e-01	
258	2.204307e-10	9.148737e-01	
259	2.214307e-10	9.353973e-01	
260	2.223478e-10	9.548443e-01	
261	2.233478e-10	9.761267e-01	
262	2.243444e-10	9.966559e-01	
263	2.253444e-10	1.016238e+00	
264	2.263444e-10	1.034958e+00	
265	2.273444e-10	1.052977e+00	
266	2.283444e-10	1.070040e+00	
267	2.293444e-10	1.085497e+00	
268	2.303444e-10	1.098642e+00	
269	2.313444e-10	1.108812e+00	
270	2.323444e-10	1.115294e+00	
271	2.333444e-10	1.117021e+00	
272	2.341341e-10	1.113962e+00	
273	2.346840e-10	1.108734e+00	
274	2.351464e-10	1.102001e+00	
275	2.356388e-10	1.092305e+00	
276	2.364239e-10	1.071712e+00	
277	2.374239e-10	1.038529e+00	
278	2.379893e-10	1.017279e+00	
279	2.386919e-10	9.899843e-01	
280	2.392333e-10	9.690374e-01	
281	2.399117e-10	9.435423e-01	
282	2.408963e-10	9.087796e-01	
283	2.418963e-10	8.769444e-01	
284	2.428963e-10	8.490792e-01	
285	2.438379e-10	8.264749e-01	
286	2.448379e-10	8.062191e-01	

Index   time            p_total         
--------------------------------------------------------------------------------
287	2.458379e-10	7.898641e-01	
288	2.468379e-10	7.776602e-01	
289	2.478379e-10	7.699277e-01	
290	2.488379e-10	7.669286e-01	
291	2.498379e-10	7.687203e-01	
292	2.507137e-10	7.738261e-01	
293	2.516294e-10	7.820284e-01	
294	2.526294e-10	7.934981e-01	
295	2.536294e-10	8.067787e-01	
296	2.546294e-10	8.211373e-01	
297	2.556294e-10	8.359884e-01	
298	2.566294e-10	8.509185e-01	
299	2.572519e-10	8.601848e-01	
300	2.579882e-10	8.711166e-01	
301	2.585237e-10	8.791752e-01	
302	2.591285e-10	8.889670e-01	
303	2.599215e-10	9.031557e-01	
304	2.607569e-10	9.191546e-01	
305	2.617569e-10	9.390229e-01	
306	2.627569e-10	9.587816e-01	
307	2.637188e-10	9.770640e-01	
308	2.647188e-10	9.952804e-01	
309	2.657188e-10	1.012947e+00	
310	2.667188e-10	1.030092e+00	
311	2.677188e-10	1.046288e+00	
312	2.687188e-10	1.060728e+00	
313	2.697188e-10	1.072384e+00	
314	2.707188e-10	1.079943e+00	
315	2.714572e-10	1.081886e+00	
316	2.720002e-10	1.080579e+00	
317	2.724916e-10	1.076957e+00	
318	2.730166e-10	1.070248e+00	
319	2.738595e-10	1.053374e+00	
320	2.748595e-10	1.025334e+00	
321	2.758595e-10	9.915969e-01	
322	2.765457e-10	9.665792e-01	
323	2.771362e-10	9.446164e-01	
324	2.776743e-10	9.250903e-01	
325	2.782431e-10	9.055137e-01	
326	2.790147e-10	8.807123e-01	
327	2.798473e-10	8.558862e-01	
328	2.808473e-10	8.288736e-01	
329	2.817248e-10	8.078621e-01	
330	2.827248e-10	7.870558e-01	
331	2.837248e-10	7.697720e-01	
332	2.847248e-10	7.564256e-01	
333	2.857248e-10	7.476309e-01	
334	2.867248e-10	7.439879e-01	
335	2.877248e-10	7.458960e-01	
336	2.885532e-10	7.515046e-01	
337	2.894619e-10	7.611728e-01	
338	2.904619e-10	7.750280e-01	
339	2.914619e-10	7.911596e-01	
340	2.924619e-10	8.085583e-01	
341	2.934619e-10	8.264246e-01	
342	2.944619e-10	8.441936e-01	
343	2.954619e-10	8.615023e-01	
344	2.960735e-10	8.718153e-01	

Index   time            p_total         
--------------------------------------------------------------------------------
345	2.968868e-10	8.851897e-01	
346	2.974225e-10	8.940247e-01	
347	2.980716e-10	9.056547e-01	
348	2.990716e-10	9.255181e-01	
349	2.999877e-10	9.446035e-01	
350	3.009877e-10	9.654521e-01	
351	3.019838e-10	9.854518e-01	
352	3.029838e-10	1.004474e+00	
353	3.039838e-10	1.022651e+00	
354	3.049838e-10	1.040210e+00	
355	3.059838e-10	1.056944e+00	
356	3.069838e-10	1.072181e+00	
357	3.079838e-10	1.085121e+00	
358	3.089838e-10	1.094935e+00	
359	3.099838e-10	1.100517e+00	
360	3.108219e-10	1.100673e+00	
361	3.113676e-10	1.097672e+00	
362	3.118867e-10	1.091986e+00	
363	3.123818e-10	1.083736e+00	
364	3.131756e-10	1.064897e+00	
365	3.141756e-10	1.033472e+00	
366	3.151756e-10	9.969409e-01	
367	3.157535e-10	9.746519e-01	
368	3.164368e-10	9.486021e-01	
369	3.170678e-10	9.254709e-01	
370	3.177861e-10	9.005617e-01	
371	3.186862e-10	8.717518e-01	
372	3.196862e-10	8.433039e-01	
373	3.205594e-10	8.217295e-01	
374	3.215594e-10	8.007322e-01	
375	3.225594e-10	7.836689e-01	
376	3.235594e-10	7.707243e-01	
377	3.245594e-10	7.622994e-01	
378	3.255594e-10	7.588132e-01	
379	3.265594e-10	7.605241e-01	
380	3.273712e-10	7.654936e-01	
381	3.282590e-10	7.739649e-01	
382	3.292590e-10	7.863632e-01	
383	3.302590e-10	8.008213e-01	
384	3.312590e-10	8.164528e-01	
385	3.322590e-10	8.325566e-01	
386	3.332590e-10	8.486419e-01	
387	3.342590e-10	8.644039e-01	
388	3.348858e-10	8.740886e-01	
389	3.356037e-10	8.850588e-01	
390	3.361384e-10	8.933110e-01	
391	3.367370e-10	9.032030e-01	
392	3.375146e-10	9.172172e-01	
393	3.383422e-10	9.329738e-01	
394	3.393422e-10	9.525966e-01	
395	3.403422e-10	9.720340e-01	
396	3.413002e-10	9.898452e-01	
397	3.423002e-10	1.007515e+00	
398	3.433002e-10	1.024499e+00	
399	3.443002e-10	1.040874e+00	
400	3.453002e-10	1.056289e+00	
401	3.463002e-10	1.070058e+00	
402	3.473002e-10	1.081333e+00	

Index   time            p_total         
--------------------------------------------------------------------------------
403	3.483002e-10	1.089140e+00	
404	3.493002e-10	1.092220e+00	
405	3.499647e-10	1.090796e+00	
406	3.506657e-10	1.085134e+00	
407	3.511378e-10	1.078591e+00	
408	3.516773e-10	1.068253e+00	
409	3.526773e-10	1.041893e+00	
410	3.536773e-10	1.008746e+00	
411	3.543036e-10	9.856825e-01	
412	3.550230e-10	9.584149e-01	
413	3.555577e-10	9.385246e-01	
414	3.561567e-10	9.171661e-01	
415	3.569365e-10	8.909161e-01	
416	3.577650e-10	8.650173e-01	
417	3.587650e-10	8.368653e-01	
418	3.597650e-10	8.122784e-01	
419	3.607150e-10	7.922344e-01	
420	3.617150e-10	7.747255e-01	
421	3.627150e-10	7.612103e-01	
422	3.637150e-10	7.521279e-01	
423	3.647150e-10	7.478729e-01	
424	3.657150e-10	7.486744e-01	
425	3.667150e-10	7.542505e-01	
426	3.677150e-10	7.637651e-01	
427	3.687150e-10	7.762447e-01	
428	3.697150e-10	7.907620e-01	
429	3.707150e-10	8.064933e-01	
430	3.717150e-10	8.227697e-01	
431	3.727150e-10	8.390963e-01	
432	3.735645e-10	8.527726e-01	
433	3.741349e-10	8.618518e-01	
434	3.747649e-10	8.716633e-01	
435	3.753800e-10	8.814447e-01	
436	3.762264e-10	8.965847e-01	
437	3.770380e-10	9.126495e-01	
438	3.780380e-10	9.332528e-01	
439	3.790380e-10	9.536914e-01	
440	3.799811e-10	9.721607e-01	
441	3.809811e-10	9.908029e-01	
442	3.819811e-10	1.008774e+00	
443	3.829811e-10	1.026217e+00	
444	3.839811e-10	1.042780e+00	
445	3.849811e-10	1.057648e+00	
446	3.859811e-10	1.069805e+00	
447	3.869811e-10	1.077992e+00	
448	3.877459e-10	1.080529e+00	
449	3.882642e-10	1.079683e+00	
450	3.888039e-10	1.076004e+00	
451	3.892973e-10	1.069855e+00	
452	3.901191e-10	1.053659e+00	
453	3.911191e-10	1.025696e+00	
454	3.921191e-10	9.918382e-01	
455	3.930014e-10	9.597016e-01	
456	3.935794e-10	9.384348e-01	
457	3.942168e-10	9.158007e-01	
458	3.948376e-10	8.949174e-01	
459	3.957056e-10	8.676917e-01	
460	3.965085e-10	8.445923e-01	

Index   time            p_total         
--------------------------------------------------------------------------------
461	3.975085e-10	8.189645e-01	
462	3.985085e-10	7.970673e-01	
463	3.994565e-10	7.798310e-01	
464	4.004565e-10	7.655423e-01	
465	4.014565e-10	7.556612e-01	
466	4.024565e-10	7.507435e-01	
467	4.034565e-10	7.512476e-01	
468	4.044565e-10	7.570613e-01	
469	4.054309e-10	7.670098e-01	
470	4.064309e-10	7.805050e-01	
471	4.074309e-10	7.962070e-01	
472	4.084309e-10	8.131123e-01	
473	4.094309e-10	8.304384e-01	
474	4.104309e-10	8.476432e-01	
475	4.114309e-10	8.643839e-01	
476	4.124309e-10	8.804847e-01	
477	4.130236e-10	8.897911e-01	
478	4.136852e-10	9.000464e-01	
479	4.143532e-10	9.109961e-01	
480	4.152058e-10	9.264509e-01	
481	4.160285e-10	9.422267e-01	
482	4.170285e-10	9.618380e-01	
483	4.180285e-10	9.811118e-01	
484	4.189870e-10	9.986550e-01	
485	4.199870e-10	1.015930e+00	
486	4.209870e-10	1.032435e+00	
487	4.219870e-10	1.048270e+00	
488	4.229870e-10	1.063111e+00	
489	4.239870e-10	1.076294e+00	
490	4.249870e-10	1.087002e+00	
491	4.259870e-10	1.094328e+00	
492	4.269870e-10	1.097127e+00	
493	4.277434e-10	1.095271e+00	
494	4.282671e-10	1.091270e+00	
495	4.287276e-10	1.085551e+00	
496	4.292170e-10	1.077017e+00	
497	4.299765e-10	1.058873e+00	
498	4.309765e-10	1.027777e+00	
499	4.318444e-10	9.964389e-01	
500	4.324083e-10	9.748450e-01	
501	4.330411e-10	9.506955e-01	
502	4.336843e-10	9.270135e-01	
503	4.344824e-10	8.992361e-01	
504	4.353190e-10	8.722285e-01	
505	4.363190e-10	8.432341e-01	
506	4.373190e-10	8.180352e-01	
507	4.382518e-10	7.979049e-01	
508	4.392518e-10	7.799116e-01	
509	4.402518e-10	7.657959e-01	
510	4.412518e-10	7.558915e-01	
511	4.422518e-10	7.505347e-01	
512	4.432518e-10	7.499427e-01	
513	4.442518e-10	7.540062e-01	
514	4.452518e-10	7.620122e-01	
515	4.462113e-10	7.725671e-01	
516	4.472113e-10	7.857076e-01	
517	4.482113e-10	8.002710e-01	
518	4.492113e-10	8.156131e-01	

Index   time            p_total         
--------------------------------------------------------------------------------
519	4.502113e-10	8.312315e-01	
520	4.512113e-10	8.467739e-01	
521	4.517900e-10	8.557180e-01	
522	4.524597e-10	8.658929e-01	
523	4.532337e-10	8.779682e-01	
524	4.539419e-10	8.903506e-01	
525	4.548643e-10	9.081809e-01	
526	4.558643e-10	9.284038e-01	
527	4.568643e-10	9.484486e-01	
528	4.578354e-10	9.670723e-01	
529	4.588354e-10	9.853317e-01	
530	4.598354e-10	1.002951e+00	
531	4.608354e-10	1.020036e+00	
532	4.618354e-10	1.036227e+00	
533	4.628354e-10	1.050733e+00	
534	4.638354e-10	1.062473e+00	
535	4.648354e-10	1.070098e+00	
536	4.655074e-10	1.072028e+00	
537	4.660875e-10	1.070761e+00	
538	4.665588e-10	1.067336e+00	
539	4.670757e-10	1.060844e+00	
540	4.680241e-10	1.041673e+00	
541	4.690241e-10	1.013298e+00	
542	4.700241e-10	9.796761e-01	
543	4.707481e-10	9.536892e-01	
544	4.713131e-10	9.332015e-01	
545	4.719180e-10	9.119988e-01	
546	4.724758e-10	8.934610e-01	
547	4.732541e-10	8.691802e-01	
548	4.740854e-10	8.451644e-01	
549	4.750854e-10	8.191942e-01	
550	4.759576e-10	7.993844e-01	
551	4.769576e-10	7.800577e-01	
552	4.779576e-10	7.645432e-01	
553	4.789576e-10	7.532465e-01	
554	4.799576e-10	7.467435e-01	
555	4.809576e-10	7.455508e-01	
556	4.819576e-10	7.498343e-01	
557	4.827245e-10	7.564641e-01	
558	4.835579e-10	7.663113e-01	
559	4.845579e-10	7.807581e-01	
560	4.855579e-10	7.970654e-01	
561	4.865579e-10	8.143268e-01	
562	4.875579e-10	8.318424e-01	
563	4.885579e-10	8.491275e-01	
564	4.895579e-10	8.658757e-01	
565	4.902266e-10	8.767155e-01	
566	4.908313e-10	8.863037e-01	
567	4.913630e-10	8.945575e-01	
568	4.919301e-10	9.036742e-01	
569	4.926877e-10	9.171936e-01	
570	4.935180e-10	9.331909e-01	
571	4.945180e-10	9.530695e-01	
572	4.953853e-10	9.701915e-01	
573	4.963853e-10	9.890621e-01	
574	4.973853e-10	1.006813e+00	
575	4.983853e-10	1.023716e+00	
576	4.993853e-10	1.039987e+00	

Index   time            p_total         
--------------------------------------------------------------------------------
577	5.003853e-10	1.055420e+00	
578	5.013853e-10	1.069394e+00	
579	5.023853e-10	1.081079e+00	
580	5.033853e-10	1.089532e+00	
581	5.043853e-10	1.093524e+00	
582	5.051218e-10	1.092631e+00	
583	5.056309e-10	1.089407e+00	
584	5.060826e-10	1.084382e+00	
585	5.065620e-10	1.076608e+00	
586	5.073044e-10	1.059666e+00	
587	5.083044e-10	1.029295e+00	
588	5.093044e-10	9.935139e-01	
589	5.098870e-10	9.712950e-01	
590	5.106083e-10	9.439521e-01	
591	5.111603e-10	9.237420e-01	
592	5.118476e-10	8.998240e-01	
593	5.128138e-10	8.688068e-01	
594	5.138138e-10	8.402990e-01	
595	5.148138e-10	8.157182e-01	
596	5.157466e-10	7.962951e-01	
597	5.167466e-10	7.791720e-01	
598	5.177466e-10	7.660050e-01	
599	5.187466e-10	7.571260e-01	
600	5.197466e-10	7.528897e-01	
601	5.207466e-10	7.535223e-01	
602	5.217466e-10	7.587531e-01	
603	5.227466e-10	7.677553e-01	
604	5.237466e-10	7.795770e-01	
605	5.247466e-10	7.933394e-01	
606	5.257466e-10	8.082787e-01	
607	5.267466e-10	8.237767e-01	
608	5.277466e-10	8.393757e-01	
609	5.287466e-10	8.547715e-01	
610	5.293256e-10	8.635852e-01	
611	5.300284e-10	8.740993e-01	
612	5.306010e-10	8.827424e-01	
613	5.313023e-10	8.942658e-01	
614	5.322435e-10	9.115361e-01	
615	5.332435e-10	9.310390e-01	
616	5.342435e-10	9.506268e-01	
617	5.352058e-10	9.687616e-01	
618	5.362058e-10	9.866170e-01	
619	5.372058e-10	1.003694e+00	
620	5.382058e-10	1.020204e+00	
621	5.392058e-10	1.035955e+00	
622	5.402058e-10	1.050340e+00	
623	5.412058e-10	1.062464e+00	
624	5.422058e-10	1.071199e+00	
625	5.432058e-10	1.075061e+00	
626	5.437889e-10	1.074207e+00	
627	5.443632e-10	1.070405e+00	
628	5.448596e-10	1.064435e+00	
629	5.454772e-10	1.053376e+00	
630	5.464772e-10	1.027979e+00	
631	5.474772e-10	9.959606e-01	
632	5.483204e-10	9.660256e-01	
633	5.488975e-10	9.448346e-01	
634	5.495291e-10	9.221327e-01	

Index   time            p_total         
--------------------------------------------------------------------------------
635	5.501360e-10	9.013958e-01	
636	5.510198e-10	8.731484e-01	
637	5.518197e-10	8.495072e-01	
638	5.528197e-10	8.228600e-01	
639	5.538197e-10	7.996978e-01	
640	5.547673e-10	7.810497e-01	
641	5.557673e-10	7.650163e-01	
642	5.567673e-10	7.530930e-01	
643	5.577673e-10	7.457796e-01	
644	5.587673e-10	7.435115e-01	
645	5.597673e-10	7.465000e-01	
646	5.605549e-10	7.522571e-01	
647	5.614182e-10	7.613667e-01	
648	5.624182e-10	7.746241e-01	
649	5.634182e-10	7.898547e-01	
650	5.644182e-10	8.062200e-01	
651	5.654182e-10	8.230430e-01	
652	5.664182e-10	8.398265e-01	
653	5.674182e-10	8.562384e-01	
654	5.680085e-10	8.657234e-01	
655	5.687554e-10	8.774238e-01	
656	5.692898e-10	8.857487e-01	
657	5.699658e-10	8.971272e-01	
658	5.709658e-10	9.161421e-01	
659	5.719558e-10	9.361162e-01	
660	5.729558e-10	9.562505e-01	
661	5.739170e-10	9.748014e-01	
662	5.749170e-10	9.930418e-01	
663	5.759170e-10	1.010454e+00	
664	5.769170e-10	1.027271e+00	
665	5.779170e-10	1.043301e+00	
666	5.789170e-10	1.057896e+00	
667	5.799170e-10	1.070154e+00	
668	5.809170e-10	1.079011e+00	
669	5.819170e-10	1.083032e+00	
670	5.825065e-10	1.082248e+00	
671	5.830738e-10	1.078486e+00	
672	5.834974e-10	1.073483e+00	
673	5.840659e-10	1.063619e+00	
674	5.850659e-10	1.038442e+00	
675	5.860659e-10	1.006048e+00	
676	5.870659e-10	9.699320e-01	
677	5.876554e-10	9.479961e-01	
678	5.883202e-10	9.238842e-01	
679	5.890163e-10	8.999064e-01	
680	5.898266e-10	8.738608e-01	
681	5.906778e-10	8.488260e-01	
682	5.916778e-10	8.228563e-01	
683	5.926778e-10	8.007915e-01	
684	5.936411e-10	7.832246e-01	
685	5.946411e-10	7.688899e-01	
686	5.956411e-10	7.588243e-01	
687	5.966411e-10	7.534563e-01	
688	5.976411e-10	7.531373e-01	
689	5.986411e-10	7.577992e-01	
690	5.996411e-10	7.666369e-01	
691	6.005803e-10	7.778364e-01	
692	6.015803e-10	7.918815e-01	

Index   time            p_total         
--------------------------------------------------------------------------------
693	6.025803e-10	8.072576e-01	
694	6.035803e-10	8.232608e-01	
695	6.045803e-10	8.393683e-01	
696	6.055803e-10	8.552257e-01	
697	6.065803e-10	8.706329e-01	
698	6.071949e-10	8.799190e-01	
699	6.078608e-10	8.898282e-01	
700	6.084932e-10	8.997090e-01	
701	6.092809e-10	9.133852e-01	
702	6.101202e-10	9.290643e-01	
703	6.111202e-10	9.483501e-01	
704	6.121202e-10	9.673669e-01	
705	6.130813e-10	9.847418e-01	
706	6.140813e-10	1.001814e+00	
707	6.150813e-10	1.018151e+00	
708	6.160813e-10	1.033871e+00	
709	6.170813e-10	1.048660e+00	
710	6.180813e-10	1.061843e+00	
711	6.190813e-10	1.072527e+00	
712	6.200813e-10	1.079642e+00	
713	6.210813e-10	1.081791e+00	
714	6.216654e-10	1.079910e+00	
715	6.222259e-10	1.075236e+00	
716	6.226806e-10	1.069120e+00	
717	6.232706e-10	1.057936e+00	
718	6.242706e-10	1.031653e+00	
719	6.252706e-10	9.988291e-01	
720	6.259806e-10	9.731213e-01	
721	6.265530e-10	9.517735e-01	
722	6.271586e-10	9.296067e-01	
723	6.277073e-10	9.103705e-01	
724	6.284701e-10	8.851249e-01	
725	6.293008e-10	8.595920e-01	
726	6.303008e-10	8.319045e-01	
727	6.311724e-10	8.106855e-01	
728	6.321724e-10	7.897058e-01	
729	6.331724e-10	7.723694e-01	
730	6.341724e-10	7.589083e-01	
731	6.351724e-10	7.497251e-01	
732	6.361724e-10	7.452154e-01	
733	6.371724e-10	7.456328e-01	
734	6.381724e-10	7.507947e-01	
735	6.391724e-10	7.598827e-01	
736	6.401724e-10	7.719120e-01	
737	6.411724e-10	7.859758e-01	
738	6.421724e-10	8.012961e-01	
739	6.431724e-10	8.172377e-01	
740	6.441724e-10	8.333158e-01	
741	6.451724e-10	8.491912e-01	
742	6.457514e-10	8.582667e-01	
743	6.464590e-10	8.691198e-01	
744	6.470218e-10	8.777299e-01	
745	6.477161e-10	8.892532e-01	
746	6.486578e-10	9.069855e-01	
747	6.496578e-10	9.270849e-01	
748	6.506578e-10	9.471905e-01	
749	6.516177e-10	9.656986e-01	
750	6.526177e-10	9.839526e-01	

Index   time            p_total         
--------------------------------------------------------------------------------
751	6.536177e-10	1.001427e+00	
752	6.546177e-10	1.018345e+00	
753	6.556177e-10	1.034494e+00	
754	6.566177e-10	1.049190e+00	
755	6.576177e-10	1.061443e+00	
756	6.586177e-10	1.070055e+00	
757	6.596177e-10	1.073247e+00	
758	6.601816e-10	1.071706e+00	
759	6.607521e-10	1.066996e+00	
760	6.612854e-10	1.059426e+00	
761	6.622408e-10	1.038544e+00	
762	6.632408e-10	1.008893e+00	
763	6.642408e-10	9.745503e-01	
764	6.648917e-10	9.510037e-01	
765	6.655347e-10	9.278596e-01	
766	6.660662e-10	9.094332e-01	
767	6.666420e-10	8.904256e-01	
768	6.673899e-10	8.672231e-01	
769	6.682163e-10	8.435598e-01	
770	6.692163e-10	8.180543e-01	
771	6.702163e-10	7.962360e-01	
772	6.711574e-10	7.791417e-01	
773	6.721574e-10	7.647826e-01	
774	6.731574e-10	7.547037e-01	
775	6.741574e-10	7.494117e-01	
776	6.751574e-10	7.493300e-01	
777	6.761574e-10	7.544183e-01	
778	6.771574e-10	7.638377e-01	
779	6.780874e-10	7.755516e-01	
780	6.790874e-10	7.903054e-01	
781	6.800874e-10	8.063947e-01	
782	6.810874e-10	8.230800e-01	
783	6.820874e-10	8.398142e-01	
784	6.830874e-10	8.562261e-01	
785	6.840874e-10	8.720954e-01	
786	6.846648e-10	8.810379e-01	
787	6.853425e-10	8.912913e-01	
788	6.859989e-10	9.014745e-01	
789	6.867195e-10	9.138531e-01	
790	6.876185e-10	9.306523e-01	
791	6.886185e-10	9.500617e-01	
792	6.894854e-10	9.667892e-01	
793	6.904854e-10	9.852172e-01	
794	6.914854e-10	1.002528e+00	
795	6.924854e-10	1.018991e+00	
796	6.934854e-10	1.034822e+00	
797	6.944854e-10	1.049824e+00	
798	6.954854e-10	1.063398e+00	
799	6.964854e-10	1.074707e+00	
800	6.974854e-10	1.082766e+00	
801	6.984854e-10	1.086370e+00	
802	6.991769e-10	1.085406e+00	
803	6.996746e-10	1.082317e+00	
804	7.001076e-10	1.077672e+00	
805	7.005780e-10	1.070366e+00	
806	7.013277e-10	1.053912e+00	
807	7.023277e-10	1.024513e+00	
808	7.033277e-10	9.896952e-01	

Index   time            p_total         
--------------------------------------------------------------------------------
809	7.039197e-10	9.676233e-01	
810	7.046869e-10	9.391002e-01	
811	7.052033e-10	9.205633e-01	
812	7.058671e-10	8.978851e-01	
813	7.068671e-10	8.662985e-01	
814	7.078168e-10	8.394712e-01	
815	7.088168e-10	8.148526e-01	
816	7.097809e-10	7.946324e-01	
817	7.107809e-10	7.772764e-01	
818	7.117809e-10	7.637486e-01	
819	7.127809e-10	7.543887e-01	
820	7.137809e-10	7.495622e-01	
821	7.147809e-10	7.495153e-01	
822	7.157809e-10	7.541025e-01	
823	7.167809e-10	7.625445e-01	
824	7.177555e-10	7.735781e-01	
825	7.187555e-10	7.869078e-01	
826	7.197555e-10	8.015372e-01	
827	7.207555e-10	8.168622e-01	
828	7.217555e-10	8.324120e-01	
829	7.227555e-10	8.478477e-01	
830	7.233498e-10	8.569251e-01	
831	7.241180e-10	8.684550e-01	
832	7.246370e-10	8.761921e-01	
833	7.253028e-10	8.867871e-01	
834	7.263028e-10	9.049469e-01	
835	7.272494e-10	9.235326e-01	
836	7.282494e-10	9.433423e-01	
837	7.292233e-10	9.619304e-01	
838	7.302233e-10	9.799892e-01	
839	7.312233e-10	9.972308e-01	
840	7.322233e-10	1.013908e+00	
841	7.332233e-10	1.029876e+00	
842	7.342233e-10	1.044533e+00	
843	7.352233e-10	1.056941e+00	
844	7.362233e-10	1.065930e+00	
845	7.372233e-10	1.069894e+00	
846	7.377900e-10	1.069001e+00	
847	7.383361e-10	1.065338e+00	
848	7.389503e-10	1.057498e+00	
849	7.396535e-10	1.043664e+00	
850	7.406535e-10	1.016629e+00	
851	7.416535e-10	9.838826e-01	
852	7.425030e-10	9.538427e-01	
853	7.430775e-10	9.332037e-01	
854	7.437085e-10	9.112674e-01	
855	7.443178e-10	8.912196e-01	
856	7.451898e-10	8.644417e-01	
857	7.459908e-10	8.417945e-01	
858	7.469908e-10	8.164756e-01	
859	7.479908e-10	7.946908e-01	
860	7.489359e-10	7.774389e-01	
861	7.499359e-10	7.628992e-01	
862	7.509359e-10	7.525698e-01	
863	7.519359e-10	7.469724e-01	
864	7.529359e-10	7.465384e-01	
865	7.539359e-10	7.512935e-01	
866	7.547649e-10	7.586596e-01	

Index   time            p_total         
--------------------------------------------------------------------------------
867	7.556256e-10	7.688648e-01	
868	7.566256e-10	7.830288e-01	
869	7.576256e-10	7.987831e-01	
870	7.586256e-10	8.153616e-01	
871	7.596256e-10	8.321689e-01	
872	7.606256e-10	8.487788e-01	
873	7.616256e-10	8.649144e-01	
874	7.622161e-10	8.742058e-01	
875	7.629697e-10	8.857618e-01	
876	7.634964e-10	8.938205e-01	
877	7.641671e-10	9.049275e-01	
878	7.651671e-10	9.235015e-01	
879	7.661399e-10	9.426119e-01	
880	7.671399e-10	9.622189e-01	
881	7.681006e-10	9.802477e-01	
882	7.691006e-10	9.979164e-01	
883	7.701006e-10	1.014710e+00	
884	7.711006e-10	1.030873e+00	
885	7.721006e-10	1.046254e+00	
886	7.731006e-10	1.060264e+00	
887	7.741006e-10	1.072053e+00	
888	7.751006e-10	1.080611e+00	
889	7.761006e-10	1.084678e+00	
890	7.767567e-10	1.084065e+00	
891	7.772871e-10	1.080923e+00	
892	7.777126e-10	1.076375e+00	
893	7.781840e-10	1.069038e+00	
894	7.789998e-10	1.050787e+00	
895	7.799998e-10	1.020844e+00	
896	7.809998e-10	9.858276e-01	
897	7.815955e-10	9.636968e-01	
898	7.823662e-10	9.353301e-01	
899	7.828869e-10	9.168874e-01	
900	7.835540e-10	8.944241e-01	
901	7.845540e-10	8.633917e-01	
902	7.854980e-10	8.373024e-01	
903	7.864980e-10	8.133539e-01	
904	7.874748e-10	7.936183e-01	
905	7.884748e-10	7.771323e-01	
906	7.894748e-10	7.645627e-01	
907	7.904748e-10	7.562630e-01	
908	7.914748e-10	7.526069e-01	
909	7.924748e-10	7.538247e-01	
910	7.934748e-10	7.595637e-01	
911	7.943936e-10	7.680874e-01	
912	7.953936e-10	7.799522e-01	
913	7.963936e-10	7.936642e-01	
914	7.973936e-10	8.085038e-01	
915	7.983936e-10	8.238913e-01	
916	7.993936e-10	8.393868e-01	
917	8.003936e-10	8.546846e-01	
918	8.009910e-10	8.636995e-01	
919	8.017643e-10	8.751601e-01	
920	8.022847e-10	8.828473e-01	
921	8.029518e-10	8.934099e-01	
922	8.039518e-10	9.113287e-01	
923	8.048920e-10	9.294393e-01	
924	8.058920e-10	9.488841e-01	

Index   time            p_total         
--------------------------------------------------------------------------------
925	8.068743e-10	9.672923e-01	
926	8.078743e-10	9.849958e-01	
927	8.088743e-10	1.001858e+00	
928	8.098743e-10	1.018129e+00	
929	8.108743e-10	1.033681e+00	
930	8.118743e-10	1.047953e+00	
931	8.128743e-10	1.060076e+00	
932	8.138743e-10	1.068971e+00	
933	8.148743e-10	1.073284e+00	
934	8.154694e-10	1.072862e+00	
935	8.160589e-10	1.069427e+00	
936	8.164714e-10	1.064989e+00	
937	8.170359e-10	1.055992e+00	
938	8.180359e-10	1.032510e+00	
939	8.190359e-10	1.001838e+00	
940	8.200359e-10	9.671635e-01	
941	8.206172e-10	9.461013e-01	
942	8.212884e-10	9.222546e-01	
943	8.220606e-10	8.963710e-01	
944	8.227773e-10	8.738696e-01	
945	8.236974e-10	8.471688e-01	
946	8.246974e-10	8.213199e-01	
947	8.256974e-10	7.989909e-01	
948	8.266532e-10	7.809972e-01	
949	8.276532e-10	7.658157e-01	
950	8.286532e-10	7.547091e-01	
951	8.296532e-10	7.481436e-01	
952	8.306532e-10	7.465125e-01	
953	8.316532e-10	7.499513e-01	
954	8.324276e-10	7.557538e-01	
955	8.332731e-10	7.645856e-01	
956	8.342731e-10	7.774782e-01	
957	8.352731e-10	7.921696e-01	
958	8.362731e-10	8.079198e-01	
959	8.372731e-10	8.241293e-01	
960	8.382731e-10	8.403444e-01	
961	8.392731e-10	8.562512e-01	
962	8.398591e-10	8.654057e-01	
963	8.405917e-10	8.765844e-01	
964	8.411344e-10	8.848316e-01	
965	8.418157e-10	8.960329e-01	
966	8.427999e-10	9.143658e-01	
967	8.437999e-10	9.342133e-01	
968	8.447999e-10	9.540455e-01	
969	8.457495e-10	9.720907e-01	
970	8.467495e-10	9.900361e-01	
971	8.477495e-10	1.007155e+00	
972	8.487495e-10	1.023684e+00	
973	8.497495e-10	1.039438e+00	
974	8.507495e-10	1.053779e+00	
975	8.517495e-10	1.065785e+00	
976	8.527495e-10	1.074371e+00	
977	8.537495e-10	1.078105e+00	
978	8.543206e-10	1.077189e+00	
979	8.548592e-10	1.073597e+00	
980	8.552986e-10	1.068431e+00	
981	8.558736e-10	1.058465e+00	
982	8.568736e-10	1.033485e+00	

Index   time            p_total         
--------------------------------------------------------------------------------
983	8.578736e-10	1.001559e+00	
984	8.588736e-10	9.661021e-01	
985	8.594586e-10	9.447588e-01	
986	8.601252e-10	9.210915e-01	
987	8.608496e-10	8.967589e-01	
988	8.616175e-10	8.726687e-01	
989	8.624956e-10	8.474189e-01	
990	8.634956e-10	8.220339e-01	
991	8.644956e-10	8.004234e-01	
992	8.654605e-10	7.831550e-01	
993	8.664605e-10	7.690601e-01	
994	8.674605e-10	7.591411e-01	
995	8.684605e-10	7.538328e-01	
996	8.694605e-10	7.534909e-01	
997	8.704605e-10	7.580568e-01	
998	8.714605e-10	7.667125e-01	
999	8.723623e-10	7.771898e-01	
1000	8.733623e-10	7.908354e-01	
1001	8.743623e-10	8.058168e-01	
1002	8.753623e-10	8.214780e-01	
1003	8.763623e-10	8.373171e-01	
1004	8.773623e-10	8.529775e-01	
1005	8.783623e-10	8.682408e-01	
1006	8.789564e-10	8.771492e-01	
1007	8.796179e-10	8.868780e-01	
1008	8.802807e-10	8.970037e-01	
1009	8.811454e-10	9.118586e-01	
1010	8.819631e-10	9.271206e-01	
1011	8.829631e-10	9.463958e-01	
1012	8.839631e-10	9.653757e-01	
1013	8.849221e-10	9.826554e-01	
1014	8.859221e-10	9.996642e-01	
1015	8.869221e-10	1.015939e+00	
1016	8.879221e-10	1.031599e+00	
1017	8.889221e-10	1.046323e+00	
1018	8.899221e-10	1.059414e+00	
1019	8.909221e-10	1.069953e+00	
1020	8.919221e-10	1.076851e+00	
1021	8.929221e-10	1.078669e+00	
1022	8.934854e-10	1.076596e+00	
1023	8.940095e-10	1.072066e+00	
1024	8.945701e-10	1.064092e+00	
1025	8.951687e-10	1.051952e+00	
1026	8.961687e-10	1.024675e+00	
1027	8.971687e-10	9.915011e-01	
1028	8.978467e-10	9.670839e-01	
1029	8.984391e-10	9.453680e-01	
1030	8.989735e-10	9.262288e-01	
1031	8.995399e-10	9.068308e-01	
1032	9.003056e-10	8.821431e-01	
1033	9.011353e-10	8.573543e-01	
1034	9.021353e-10	8.305197e-01	
1035	9.030065e-10	8.100354e-01	
1036	9.040065e-10	7.898566e-01	
1037	9.050065e-10	7.732866e-01	
1038	9.060065e-10	7.605606e-01	
1039	9.070065e-10	7.520853e-01	
1040	9.080065e-10	7.482556e-01	

Index   time            p_total         
--------------------------------------------------------------------------------
1041	9.090065e-10	7.493149e-01	
1042	9.100065e-10	7.549671e-01	
1043	9.109963e-10	7.642208e-01	
1044	9.119963e-10	7.762769e-01	
1045	9.129963e-10	7.901815e-01	
1046	9.139963e-10	8.052184e-01	
1047	9.149963e-10	8.208146e-01	
1048	9.159963e-10	8.365293e-01	
1049	9.169963e-10	8.520494e-01	
1050	9.175744e-10	8.609138e-01	
1051	9.182822e-10	8.715445e-01	
1052	9.188429e-10	8.799572e-01	
1053	9.195358e-10	8.912423e-01	
1054	9.204829e-10	9.087591e-01	
1055	9.214829e-10	9.285400e-01	
1056	9.224829e-10	9.483466e-01	
1057	9.234523e-10	9.667451e-01	
1058	9.244523e-10	9.846833e-01	
1059	9.254523e-10	1.001830e+00	
1060	9.264523e-10	1.018409e+00	
1061	9.274523e-10	1.034215e+00	
1062	9.284523e-10	1.048584e+00	
1063	9.294523e-10	1.060548e+00	
1064	9.304523e-10	1.068965e+00	
1065	9.314523e-10	1.072217e+00	
1066	9.320106e-10	1.070856e+00	
1067	9.325389e-10	1.066853e+00	
1068	9.330958e-10	1.059424e+00	
1069	9.338533e-10	1.044072e+00	
1070	9.348533e-10	1.016335e+00	
1071	9.358533e-10	9.831797e-01	
1072	9.366324e-10	9.555366e-01	
1073	9.372012e-10	9.351708e-01	
1074	9.378178e-10	9.138303e-01	
1075	9.383985e-10	8.947509e-01	
1076	9.391872e-10	8.704491e-01	
1077	9.400177e-10	8.468578e-01	
1078	9.410177e-10	8.215227e-01	
1079	9.418814e-10	8.025387e-01	
1080	9.428814e-10	7.839695e-01	
1081	9.438814e-10	7.691757e-01	
1082	9.448814e-10	7.584745e-01	
1083	9.458814e-10	7.523485e-01	
1084	9.468814e-10	7.512274e-01	
1085	9.478814e-10	7.552134e-01	
1086	9.486467e-10	7.613275e-01	
1087	9.494776e-10	7.703294e-01	
1088	9.504776e-10	7.834954e-01	
1089	9.514776e-10	7.983557e-01	
1090	9.524776e-10	8.141758e-01	
1091	9.534776e-10	8.303696e-01	
1092	9.544776e-10	8.465018e-01	
1093	9.554776e-10	8.622763e-01	
1094	9.561197e-10	8.721661e-01	
1095	9.567910e-10	8.823056e-01	
1096	9.573247e-10	8.902345e-01	
1097	9.579094e-10	8.993051e-01	
1098	9.586646e-10	9.123485e-01	

Index   time            p_total         
--------------------------------------------------------------------------------
1099	9.594885e-10	9.277558e-01	
1100	9.604885e-10	9.471276e-01	
1101	9.614885e-10	9.662775e-01	
1102	9.624392e-10	9.835931e-01	
1103	9.634392e-10	1.000759e+00	
1104	9.644392e-10	1.017141e+00	
1105	9.654392e-10	1.032907e+00	
1106	9.664392e-10	1.047785e+00	
1107	9.674392e-10	1.061115e+00	
1108	9.684392e-10	1.072009e+00	
1109	9.694392e-10	1.079428e+00	
1110	9.704392e-10	1.082088e+00	
1111	9.710303e-10	1.080616e+00	
1112	9.716048e-10	1.076219e+00	
1113	9.719898e-10	1.071418e+00	
1114	9.725312e-10	1.061969e+00	
1115	9.735312e-10	1.037084e+00	
1116	9.745312e-10	1.005192e+00	
1117	9.754022e-10	9.741942e-01	
1118	9.759804e-10	9.529250e-01	
1119	9.766161e-10	9.300359e-01	
1120	9.772311e-10	9.088914e-01	
1121	9.781075e-10	8.806923e-01	
1122	9.789070e-10	8.570463e-01	
1123	9.799070e-10	8.306354e-01	
1124	9.809070e-10	8.079070e-01	
1125	9.818393e-10	7.900011e-01	
1126	9.828393e-10	7.743423e-01	
1127	9.838393e-10	7.625831e-01	
1128	9.848393e-10	7.551019e-01	
1129	9.858393e-10	7.522432e-01	
1130	9.868393e-10	7.541856e-01	
1131	9.876829e-10	7.592634e-01	
1132	9.885937e-10	7.675849e-01	
1133	9.895937e-10	7.792055e-01	
1134	9.905937e-10	7.926140e-01	
1135	9.915937e-10	8.071366e-01	
1136	9.925937e-10	8.222333e-01	
1137	9.935937e-10	8.374863e-01	
1138	9.945937e-10	8.525954e-01	
1139	9.951732e-10	8.612681e-01	
1140	9.958834e-10	8.717070e-01	
1141	9.964440e-10	8.799609e-01	
1142	9.971369e-10	8.910421e-01	
1143	9.980902e-10	9.083412e-01	
1144	9.990902e-10	9.277999e-01	
1145	1.000090e-09	9.473401e-01	
1146	1.001062e-09	9.655702e-01	
1147	1.002062e-09	9.833044e-01	
1148	1.003062e-09	1.000254e+00	
1149	1.004062e-09	1.016642e+00	
1150	1.005062e-09	1.032269e+00	
1151	1.006062e-09	1.046492e+00	
1152	1.007062e-09	1.058365e+00	
1153	1.008062e-09	1.066752e+00	
1154	1.009062e-09	1.070084e+00	
1155	1.009621e-09	1.068840e+00	
1156	1.010147e-09	1.065025e+00	

Index   time            p_total         
--------------------------------------------------------------------------------
1157	1.010724e-09	1.057536e+00	
1158	1.011436e-09	1.043486e+00	
1159	1.012436e-09	1.016471e+00	
1160	1.013436e-09	9.839003e-01	
1161	1.014218e-09	9.564582e-01	
1162	1.014789e-09	9.361636e-01	
1163	1.015407e-09	9.148589e-01	
1164	1.015989e-09	8.958227e-01	
1165	1.016778e-09	8.716021e-01	
1166	1.017611e-09	8.480104e-01	
1167	1.018611e-09	8.226283e-01	
1168	1.019477e-09	8.034645e-01	
1169	1.020477e-09	7.846526e-01	
1170	1.021477e-09	7.689289e-01	
1171	1.022477e-09	7.587369e-01	
1172	1.023477e-09	7.521265e-01	
1173	1.024477e-09	7.502880e-01	
1174	1.025477e-09	7.536022e-01	
1175	1.026219e-09	7.590928e-01	
1176	1.027042e-09	7.675740e-01	
1177	1.028042e-09	7.803211e-01	
1178	1.029042e-09	7.948716e-01	
1179	1.030042e-09	8.104825e-01	
1180	1.031042e-09	8.265599e-01	
1181	1.032042e-09	8.426546e-01	
1182	1.033042e-09	8.584512e-01	
1183	1.033687e-09	8.684162e-01	
1184	1.034356e-09	8.785595e-01	
1185	1.034891e-09	8.865172e-01	
1186	1.035475e-09	8.955654e-01	
1187	1.036231e-09	9.086382e-01	
1188	1.037057e-09	9.242062e-01	
1189	1.038057e-09	9.437724e-01	
1190	1.039057e-09	9.631193e-01	
1191	1.040007e-09	9.806164e-01	
1192	1.041007e-09	9.979905e-01	
1193	1.042007e-09	1.014596e+00	
1194	1.043007e-09	1.030599e+00	
1195	1.044007e-09	1.045723e+00	
1196	1.045007e-09	1.059283e+00	
1197	1.046007e-09	1.070360e+00	
1198	1.047007e-09	1.077894e+00	
1199	1.048007e-09	1.080503e+00	
1200	1.048573e-09	1.078951e+00	
1201	1.049094e-09	1.074936e+00	
1202	1.049520e-09	1.069576e+00	
1203	1.050083e-09	1.059457e+00	
1204	1.051083e-09	1.034044e+00	
1205	1.052083e-09	1.001896e+00	
1206	1.052967e-09	9.704639e-01	
1207	1.053548e-09	9.492798e-01	
1208	1.054187e-09	9.265601e-01	
1209	1.054807e-09	9.055603e-01	
1210	1.055686e-09	8.777689e-01	
1211	1.056486e-09	8.545469e-01	
1212	1.057486e-09	8.287430e-01	
1213	1.058486e-09	8.066509e-01	
1214	1.059420e-09	7.893475e-01	

Index   time            p_total         
--------------------------------------------------------------------------------
1215	1.060420e-09	7.744101e-01	
1216	1.061420e-09	7.634380e-01	
1217	1.062420e-09	7.568263e-01	
1218	1.063420e-09	7.549239e-01	
1219	1.064420e-09	7.578542e-01	
1220	1.065191e-09	7.630820e-01	
1221	1.066036e-09	7.711544e-01	
1222	1.067036e-09	7.830153e-01	
1223	1.068036e-09	7.965790e-01	
1224	1.069036e-09	8.111834e-01	
1225	1.070036e-09	8.262998e-01	
1226	1.071036e-09	8.415226e-01	
1227	1.072036e-09	8.565638e-01	
1228	1.072631e-09	8.654002e-01	
1229	1.073397e-09	8.765876e-01	
1230	1.073919e-09	8.842088e-01	
1231	1.074588e-09	8.947058e-01	
1232	1.075588e-09	9.125296e-01	
1233	1.076538e-09	9.307371e-01	
1234	1.077538e-09	9.500741e-01	
1235	1.078514e-09	9.682644e-01	
1236	1.079514e-09	9.858515e-01	
1237	1.080514e-09	1.002605e+00	
1238	1.081514e-09	1.018772e+00	
1239	1.082514e-09	1.034209e+00	
1240	1.083514e-09	1.048338e+00	
1241	1.084514e-09	1.060277e+00	
1242	1.085514e-09	1.068965e+00	
1243	1.086514e-09	1.073088e+00	
1244	1.087099e-09	1.072582e+00	
1245	1.087665e-09	1.069271e+00	
1246	1.088062e-09	1.065062e+00	
1247	1.088612e-09	1.056466e+00	
1248	1.089612e-09	1.033342e+00	
1249	1.090612e-09	1.003035e+00	
1250	1.091612e-09	9.687642e-01	
1251	1.092191e-09	9.480468e-01	
1252	1.092874e-09	9.240870e-01	
1253	1.093514e-09	9.027655e-01	
1254	1.094234e-09	8.801815e-01	
1255	1.095143e-09	8.538340e-01	
1256	1.096143e-09	8.279197e-01	
1257	1.097025e-09	8.079368e-01	
1258	1.098025e-09	7.886138e-01	
1259	1.099025e-09	7.729050e-01	
1260	1.100025e-09	7.610915e-01	
1261	1.101025e-09	7.536183e-01	
1262	1.102025e-09	7.509008e-01	
1263	1.103025e-09	7.531708e-01	
1264	1.103816e-09	7.582314e-01	
1265	1.104692e-09	7.665504e-01	
1266	1.105692e-09	7.785859e-01	
1267	1.106692e-09	7.924706e-01	
1268	1.107692e-09	8.074906e-01	
1269	1.108692e-09	8.230753e-01	
1270	1.109692e-09	8.387840e-01	
1271	1.110692e-09	8.542969e-01	
1272	1.111311e-09	8.637529e-01	

Index   time            p_total         
--------------------------------------------------------------------------------
1273	1.112147e-09	8.762566e-01	
1274	1.112699e-09	8.844565e-01	
1275	1.113336e-09	8.946178e-01	
1276	1.114336e-09	9.127770e-01	
1277	1.115251e-09	9.306391e-01	
1278	1.116251e-09	9.503081e-01	
1279	1.117247e-09	9.691581e-01	
1280	1.118247e-09	9.870158e-01	
1281	1.119247e-09	1.004017e+00	
1282	1.120247e-09	1.020421e+00	
1283	1.121247e-09	1.036097e+00	
1284	1.122247e-09	1.050454e+00	
1285	1.123247e-09	1.062594e+00	
1286	1.124247e-09	1.071468e+00	
1287	1.125247e-09	1.075764e+00	
1288	1.125830e-09	1.075334e+00	
1289	1.126393e-09	1.072072e+00	
1290	1.126779e-09	1.067995e+00	
1291	1.127319e-09	1.059551e+00	
1292	1.128319e-09	1.036296e+00	
1293	1.129319e-09	1.005719e+00	
1294	1.130319e-09	9.711834e-01	
1295	1.130901e-09	9.502712e-01	
1296	1.131611e-09	9.252916e-01	
1297	1.132178e-09	9.062801e-01	
1298	1.132876e-09	8.841829e-01	
1299	1.133825e-09	8.564503e-01	
1300	1.134825e-09	8.305045e-01	
1301	1.135825e-09	8.081860e-01	
1302	1.136750e-09	7.907923e-01	
1303	1.137750e-09	7.755670e-01	
1304	1.138750e-09	7.642950e-01	
1305	1.139750e-09	7.573994e-01	
1306	1.140750e-09	7.552845e-01	
1307	1.141750e-09	7.581369e-01	
1308	1.142494e-09	7.631884e-01	
1309	1.143323e-09	7.711647e-01	
1310	1.144323e-09	7.831742e-01	
1311	1.145323e-09	7.969594e-01	
1312	1.146323e-09	8.118220e-01	
1313	1.147323e-09	8.272056e-01	
1314	1.148323e-09	8.426850e-01	
1315	1.149323e-09	8.579553e-01	
1316	1.150004e-09	8.681633e-01	
1317	1.150597e-09	8.769330e-01	
1318	1.151133e-09	8.847156e-01	
1319	1.151701e-09	8.931718e-01	
1320	1.152470e-09	9.059105e-01	
1321	1.153304e-09	9.211600e-01	
1322	1.154304e-09	9.403455e-01	
1323	1.155304e-09	9.594784e-01	
1324	1.156242e-09	9.766527e-01	
1325	1.157242e-09	9.939186e-01	
1326	1.158242e-09	1.010385e+00	
1327	1.159242e-09	1.026256e+00	
1328	1.160242e-09	1.041316e+00	
1329	1.161242e-09	1.054934e+00	
1330	1.162242e-09	1.066219e+00	

Index   time            p_total         
--------------------------------------------------------------------------------
1331	1.163242e-09	1.074133e+00	
1332	1.164242e-09	1.077405e+00	
1333	1.164827e-09	1.076374e+00	
1334	1.165390e-09	1.072551e+00	
1335	1.165774e-09	1.068141e+00	
1336	1.166314e-09	1.059284e+00	
1337	1.167314e-09	1.035461e+00	
1338	1.168314e-09	1.004569e+00	
1339	1.169314e-09	9.698737e-01	
1340	1.169898e-09	9.488434e-01	
1341	1.170561e-09	9.254898e-01	
1342	1.171272e-09	9.018238e-01	
1343	1.172049e-09	8.776404e-01	
1344	1.172914e-09	8.528497e-01	
1345	1.173914e-09	8.273592e-01	
1346	1.174914e-09	8.054201e-01	
1347	1.175859e-09	7.879564e-01	
1348	1.176859e-09	7.729849e-01	
1349	1.177859e-09	7.619216e-01	
1350	1.178859e-09	7.551833e-01	
1351	1.179859e-09	7.531322e-01	
1352	1.180859e-09	7.559209e-01	
1353	1.181629e-09	7.610611e-01	
1354	1.182478e-09	7.691130e-01	
1355	1.183478e-09	7.809301e-01	
1356	1.184478e-09	7.944691e-01	
1357	1.185478e-09	8.090708e-01	
1358	1.186478e-09	8.242126e-01	
1359	1.187478e-09	8.394893e-01	
1360	1.188478e-09	8.546049e-01	
1361	1.189069e-09	8.634397e-01	
1362	1.189828e-09	8.745591e-01	
1363	1.190351e-09	8.822051e-01	
1364	1.191020e-09	8.927094e-01	
1365	1.192020e-09	9.106863e-01	
1366	1.192983e-09	9.293581e-01	
1367	1.193983e-09	9.488778e-01	
1368	1.194948e-09	9.669891e-01	
1369	1.195948e-09	9.847083e-01	
1370	1.196948e-09	1.001604e+00	
1371	1.197948e-09	1.017925e+00	
1372	1.198948e-09	1.033513e+00	
1373	1.199948e-09	1.047748e+00	
1374	1.200948e-09	1.059705e+00	
1375	1.201948e-09	1.068302e+00	
1376	1.202948e-09	1.072122e+00	
1377	1.203504e-09	1.071318e+00	
1378	1.204019e-09	1.068077e+00	
1379	1.204524e-09	1.062248e+00	
1380	1.205100e-09	1.052249e+00	
1381	1.206100e-09	1.027550e+00	
1382	1.207100e-09	9.963138e-01	
1383	1.208100e-09	9.618298e-01	
1384	1.208681e-09	9.412518e-01	
1385	1.209352e-09	9.181645e-01	
1386	1.210127e-09	8.931093e-01	
1387	1.210841e-09	8.715900e-01	
1388	1.211764e-09	8.460016e-01	

Index   time            p_total         
--------------------------------------------------------------------------------
1389	1.212764e-09	8.214915e-01	
1390	1.213764e-09	8.005315e-01	
1391	1.214719e-09	7.838670e-01	
1392	1.215719e-09	7.700692e-01	
1393	1.216719e-09	7.603534e-01	
1394	1.217719e-09	7.551902e-01	
1395	1.218719e-09	7.549638e-01	
1396	1.219719e-09	7.596280e-01	
1397	1.220597e-09	7.671343e-01	
1398	1.221469e-09	7.769749e-01	
1399	1.222469e-09	7.902727e-01	
1400	1.223469e-09	8.049508e-01	
1401	1.224469e-09	8.203810e-01	
1402	1.225469e-09	8.360720e-01	
1403	1.226469e-09	8.516583e-01	
1404	1.227469e-09	8.668938e-01	
1405	1.228046e-09	8.755312e-01	
1406	1.228732e-09	8.855832e-01	
1407	1.229343e-09	8.946809e-01	
1408	1.230058e-09	9.064603e-01	
1409	1.230969e-09	9.231302e-01	
1410	1.231969e-09	9.423890e-01	
1411	1.232859e-09	9.595052e-01	
1412	1.233859e-09	9.779241e-01	
1413	1.234859e-09	9.952529e-01	
1414	1.235859e-09	1.011753e+00	
1415	1.236859e-09	1.027654e+00	
1416	1.237859e-09	1.042768e+00	
1417	1.238859e-09	1.056479e+00	
1418	1.239859e-09	1.067910e+00	
1419	1.240859e-09	1.076046e+00	
1420	1.241859e-09	1.079677e+00	
1421	1.242468e-09	1.078902e+00	
1422	1.243096e-09	1.074724e+00	
1423	1.243516e-09	1.069749e+00	
1424	1.244007e-09	1.061513e+00	
1425	1.244989e-09	1.038030e+00	
1426	1.245989e-09	1.007051e+00	
1427	1.246989e-09	9.722538e-01	
1428	1.247582e-09	9.508769e-01	
1429	1.248245e-09	9.275392e-01	
1430	1.248922e-09	9.049560e-01	
1431	1.249765e-09	8.786969e-01	
1432	1.250597e-09	8.549292e-01	
1433	1.251597e-09	8.295380e-01	
1434	1.252597e-09	8.077594e-01	
1435	1.253541e-09	7.904762e-01	
1436	1.254541e-09	7.757147e-01	
1437	1.255541e-09	7.648510e-01	
1438	1.256541e-09	7.582814e-01	
1439	1.257541e-09	7.563509e-01	
1440	1.258541e-09	7.591885e-01	
1441	1.259308e-09	7.642650e-01	
1442	1.260150e-09	7.721395e-01	
1443	1.261150e-09	7.837336e-01	
1444	1.262150e-09	7.969902e-01	
1445	1.263150e-09	8.112751e-01	
1446	1.264150e-09	8.260901e-01	

Index   time            p_total         
--------------------------------------------------------------------------------
1447	1.265150e-09	8.410497e-01	
1448	1.266150e-09	8.558732e-01	
1449	1.266736e-09	8.644739e-01	
1450	1.267469e-09	8.750600e-01	
1451	1.268010e-09	8.828859e-01	
1452	1.268691e-09	8.935417e-01	
1453	1.269675e-09	9.111166e-01	
1454	1.270675e-09	9.303386e-01	
1455	1.271675e-09	9.496726e-01	
1456	1.272655e-09	9.678666e-01	
1457	1.273655e-09	9.854070e-01	
1458	1.274655e-09	1.002155e+00	
1459	1.275655e-09	1.018335e+00	
1460	1.276655e-09	1.033758e+00	
1461	1.277655e-09	1.047792e+00	
1462	1.278655e-09	1.059519e+00	
1463	1.279655e-09	1.067866e+00	
1464	1.280655e-09	1.071431e+00	
1465	1.281210e-09	1.070497e+00	
1466	1.281723e-09	1.067174e+00	
1467	1.282235e-09	1.061180e+00	
1468	1.282811e-09	1.051096e+00	
1469	1.283811e-09	1.026386e+00	
1470	1.284811e-09	9.952645e-01	
1471	1.285811e-09	9.609456e-01	
1472	1.286418e-09	9.395917e-01	
1473	1.287085e-09	9.169010e-01	
1474	1.287732e-09	8.960715e-01	
1475	1.288534e-09	8.719316e-01	
1476	1.289375e-09	8.485990e-01	
1477	1.290375e-09	8.239177e-01	
1478	1.291375e-09	8.027244e-01	
1479	1.292323e-09	7.859030e-01	
1480	1.293323e-09	7.717181e-01	
1481	1.294323e-09	7.615428e-01	
1482	1.295323e-09	7.558399e-01	
1483	1.296323e-09	7.549943e-01	
1484	1.297323e-09	7.590431e-01	
1485	1.298102e-09	7.651582e-01	
1486	1.298940e-09	7.739643e-01	
1487	1.299940e-09	7.865992e-01	
1488	1.300940e-09	8.007666e-01	
1489	1.301940e-09	8.158271e-01	
1490	1.302940e-09	8.312771e-01	
1491	1.303940e-09	8.467327e-01	
1492	1.304940e-09	8.619218e-01	
1493	1.305525e-09	8.706723e-01	
1494	1.306252e-09	8.813281e-01	
1495	1.306800e-09	8.893811e-01	
1496	1.307485e-09	9.003491e-01	
1497	1.308464e-09	9.180797e-01	
1498	1.309464e-09	9.374044e-01	
1499	1.310464e-09	9.567538e-01	
1500	1.311407e-09	9.742519e-01	
1501	1.312407e-09	9.917568e-01	
1502	1.313407e-09	1.008434e+00	
1503	1.314407e-09	1.024517e+00	
1504	1.315407e-09	1.039828e+00	

Index   time            p_total         
--------------------------------------------------------------------------------
1505	1.316407e-09	1.053749e+00	
1506	1.317407e-09	1.065387e+00	
1507	1.318407e-09	1.073719e+00	
1508	1.319407e-09	1.077496e+00	
1509	1.319993e-09	1.076794e+00	
1510	1.320569e-09	1.073169e+00	
1511	1.320953e-09	1.068891e+00	
1512	1.321472e-09	1.060596e+00	
1513	1.322460e-09	1.037456e+00	
1514	1.323460e-09	1.006887e+00	
1515	1.324460e-09	9.724503e-01	
1516	1.325040e-09	9.517196e-01	
1517	1.325718e-09	9.280081e-01	
1518	1.326386e-09	9.058217e-01	
1519	1.327111e-09	8.832111e-01	
1520	1.328013e-09	8.573202e-01	
1521	1.329013e-09	8.318265e-01	
1522	1.330013e-09	8.099379e-01	
1523	1.330964e-09	7.924617e-01	
1524	1.331964e-09	7.776301e-01	
1525	1.332964e-09	7.666846e-01	
1526	1.333964e-09	7.600319e-01	
1527	1.334964e-09	7.580415e-01	
1528	1.335964e-09	7.608666e-01	
1529	1.336713e-09	7.658280e-01	
1530	1.337543e-09	7.735729e-01	
1531	1.338543e-09	7.851467e-01	
1532	1.339543e-09	7.983902e-01	
1533	1.340543e-09	8.126633e-01	
1534	1.341543e-09	8.274653e-01	
1535	1.342543e-09	8.424108e-01	
1536	1.343543e-09	8.572165e-01	
1537	1.344166e-09	8.663241e-01	
1538	1.344905e-09	8.769721e-01	
1539	1.345441e-09	8.846379e-01	
1540	1.346048e-09	8.938187e-01	
1541	1.346843e-09	9.073874e-01	
1542	1.347679e-09	9.229330e-01	
1543	1.348679e-09	9.421497e-01	
1544	1.349679e-09	9.610486e-01	
1545	1.350642e-09	9.783244e-01	
1546	1.351642e-09	9.953106e-01	
1547	1.352642e-09	1.011624e+00	
1548	1.353642e-09	1.027344e+00	
1549	1.354642e-09	1.042093e+00	
1550	1.355642e-09	1.055115e+00	
1551	1.356642e-09	1.065441e+00	
1552	1.357642e-09	1.071968e+00	
1553	1.358462e-09	1.073467e+00	
1554	1.358967e-09	1.071952e+00	
1555	1.359445e-09	1.068342e+00	
1556	1.359943e-09	1.062069e+00	
1557	1.360589e-09	1.050040e+00	
1558	1.361589e-09	1.024158e+00	
1559	1.362589e-09	9.923230e-01	
1560	1.363418e-09	9.635953e-01	
1561	1.363989e-09	9.433792e-01	
1562	1.364615e-09	9.218685e-01	

Index   time            p_total         
--------------------------------------------------------------------------------
1563	1.365216e-09	9.022760e-01	
1564	1.366089e-09	8.757186e-01	
1565	1.366888e-09	8.533616e-01	
1566	1.367888e-09	8.282788e-01	
1567	1.368888e-09	8.066437e-01	
1568	1.369829e-09	7.894534e-01	
1569	1.370829e-09	7.746578e-01	
1570	1.371829e-09	7.637408e-01	
1571	1.372829e-09	7.571486e-01	
1572	1.373829e-09	7.552731e-01	
1573	1.374829e-09	7.582769e-01	
1574	1.375572e-09	7.633655e-01	
1575	1.376399e-09	7.712804e-01	
1576	1.377399e-09	7.831294e-01	
1577	1.378399e-09	7.966668e-01	
1578	1.379399e-09	8.112382e-01	
1579	1.380399e-09	8.263323e-01	
1580	1.381399e-09	8.415544e-01	
1581	1.382399e-09	8.566125e-01	
1582	1.383017e-09	8.657911e-01	
1583	1.383857e-09	8.780358e-01	
1584	1.384410e-09	8.860690e-01	
1585	1.385041e-09	8.959490e-01	
1586	1.386041e-09	9.138231e-01	
1587	1.386959e-09	9.315014e-01	
1588	1.387959e-09	9.509260e-01	
1589	1.388942e-09	9.693116e-01	
1590	1.389942e-09	9.869477e-01	
1591	1.390942e-09	1.003736e+00	
1592	1.391942e-09	1.019937e+00	
1593	1.392942e-09	1.035415e+00	
1594	1.393942e-09	1.049577e+00	
1595	1.394942e-09	1.061528e+00	
1596	1.395942e-09	1.070243e+00	
1597	1.396942e-09	1.074464e+00	
1598	1.397521e-09	1.074049e+00	
1599	1.398081e-09	1.070863e+00	
1600	1.398454e-09	1.066992e+00	
1601	1.398984e-09	1.058901e+00	
1602	1.399984e-09	1.036125e+00	
1603	1.400984e-09	1.006087e+00	
1604	1.401984e-09	9.721206e-01	
1605	1.402571e-09	9.513932e-01	
1606	1.403306e-09	9.259253e-01	
1607	1.403845e-09	9.081367e-01	
1608	1.404524e-09	8.869695e-01	
1609	1.405510e-09	8.586544e-01	
1610	1.406510e-09	8.331448e-01	
1611	1.407510e-09	8.111570e-01	
1612	1.408454e-09	7.936562e-01	
1613	1.409454e-09	7.786418e-01	
1614	1.410454e-09	7.674861e-01	
1615	1.411454e-09	7.606158e-01	
1616	1.412454e-09	7.584424e-01	
1617	1.413454e-09	7.611679e-01	
1618	1.414185e-09	7.659803e-01	
1619	1.415006e-09	7.736493e-01	
1620	1.416006e-09	7.853014e-01	

Index   time            p_total         
--------------------------------------------------------------------------------
1621	1.417006e-09	7.986776e-01	
1622	1.417423e-09	8.046425e-01	
1623	1.417433e-09	8.047600e-01	
ngspice-46+ done
